
                                   Z01X (TM)

       Version V-2023.12 for linux64 - Nov 19, 2023      

                    Copyright (c) 1999 - 2023 Synopsys, Inc.
   This software and the associated documentation are proprietary to Synopsys,
 Inc. This software may only be used in accordance with the terms and conditions
 of a written license agreement with Synopsys, Inc. All other use, reproduction,
            or distribution of this software is strictly prohibited.

Sat Sep 27 11:58:01 CEST 2025
Z01X (TM) Version: V-2023.12 (64-bit, Nov 19 2023) for Linux 64-bit

25/09/27 11:58:01  Note:    Reading load file:bin/permanent_faults_gen.fmsh
>  
>  
> set(var=[resources], messages=[all]) 
25/09/27 11:58:01  Note:    Set resources[messages] to "all".
> set(var=[defines], format=[standard]) 
25/09/27 11:58:01  Note:    Set defines[format] to "standard".
> set(var=[defines], dictionary.enable=[1]) 
25/09/27 11:58:01  Note:    Set defines[dictionary.enable] to 1.
25/09/27 11:58:01  Warning: Options will be saved when a design is opened
> set(var=[fsim], dictionary.values=[all]) 
25/09/27 11:58:01  Note:    Set fsim[dictionary.values] to "all".
>  
> # the next line defines if using the file "fault_list.sff" for defining the fault list for fault simulation. Otherwise, in stroves.v the faults can be defined, e.g., from an external file. 
> #set(var=[fdef], method=[fr], fr.fr=[bin/fault_list.sff],abort=[error]) 
>  
> # set (var=[coats],status=[NA,NX,PP,FP,PD,FD,PE,FE,PL,LS,PS,RS,PR,RE,PX,DX]) 
> # set (var=[coats],status=[DD, ND]) 
>  
> set (var=[fsim],hyperfault=[0]) 
25/09/27 11:58:01  Note:    Set fsim[hyperfault] to 0.
> design() 
25/09/27 11:58:01  Note:    Generating design fault universe file
25/09/27 11:58:02  CMD: /eda/synopsys/2023-24/RHELx86/Z01X_2023.12/bin/fault_generate -l fgen.log
25/09/27 11:58:02  Note:    Job fault_generate begun
25/09/27 11:58:02  Note:    Job fault_generate completed: Host: monviso
25/09/27 11:58:02  Note:    Total: 82242 Prime: 48176 Collapsed: 34066 Untestable: 1444
25/09/27 11:58:02  Note:    Fault Generation Completed 0 Errors 0 Warnings
25/09/27 11:58:02  Note:    Created design, directory=/home/g.vilarde/Klessydra/pulpino-klessydra/zoix
25/09/27 11:58:03  CMD: /eda/synopsys/2023-24/RHELx86/Z01X_2023.12/bin/coats -dir ./ -fub design -func __fubs__/design/__path__ -genfub +job_id+5480b721298db84c -l __fubs__/design/design.log
25/09/27 11:58:03  Note:    Job coats begun
25/09/27 11:58:03  Note:    Job coats completed: Host: monviso
>  
> addtst(test=[DSP], stimtype=[vcd], dictionary.enable=[1], stim=[vcd/DSP.vcd],dut.stim=[DSP,tb.top_i.core_region_i.CORE.RISCV_CORE.Pipe.ACCL_generate.DSP],stim_options=[+TESTNAME=DSP] ) 
25/09/27 11:58:03  Note:    Adding test: DSP
25/09/27 11:58:03  CMD: ln -s ../../sim.zdb __tests__/DSP/sim.zdb
25/09/27 11:58:03  CMD: ln -s ../../zoix.sim __tests__/DSP/zoix.sim
25/09/27 11:58:03  CMD: cp vcd/DSP.vcd __tests__/DSP/DSP.vcd
25/09/27 11:58:04  CMD: ln -s ../../../__tests__/DSP/DSP.vcd __fubs__/design/DSP/DSP.vcd
25/09/27 11:58:04  CMD: ln -s ../../../sim.zdb __fubs__/design/DSP/sim.zdb
25/09/27 11:58:04  CMD: ln -s ../../../zoix.sim __fubs__/design/DSP/zoix.sim
>  
> #addtst(test=[RCA], stimtype=[vcd], dictionary.enable=[1], stim=[../tmax/dumpports_rtl.riscv_core.vcde],stim_options=[+TESTNAME=riscv_core] ) 
>  
> fsim() 
25/09/27 11:58:04  Note:    Performing testability analysis
25/09/27 11:58:04  CMD: ./zoix.sim -toggle __tests__/DSP/DSP.vtog -fstrobe __tests__/DSP/__fstrobes__ -l __tests__/DSP/zoix_rt.log +vcd+file+__tests__/DSP/DSP.vcd +progress -testdir __tests__/DSP/ +vcd+dut+DSP+tb.top_i.core_region_i.CORE.RISCV_CORE.Pipe.ACCL_generate.DSP +TESTNAME=DSP -testname DSP +job_id+a4b00721891d482c
25/09/27 11:58:04  Note:    Toggle simulation for test: DSP
25/09/27 11:58:04  Note:    Job toggle Test: DSP begun
25/09/27 12:00:04  Note:    Job toggle completed: Host: monviso Test: DSP
25/09/27 12:00:04  CMD: /eda/synopsys/2023-24/RHELx86/Z01X_2023.12/bin/coats -dir ./ -fub design -test DSP -seltyp observe +job_id+5480b721298db84c -fstrobe __tests__/DSP/__fstrobes__ -testid 65537 -l __fubs__/design/DSP/coats.log
25/09/27 12:00:04  Note:    Testability analysis for Test: DSP
25/09/27 12:00:04  Note:    Job coats Test: DSP begun
25/09/27 12:00:04  Note:    Job coats completed: Host: monviso Test: DSP
25/09/27 12:00:07  CMD: /eda/synopsys/2023-24/RHELx86/Z01X_2023.12/bin/boots -fdeffiles __fubs__/design/fdeffiles.txt -record -dir ./ -fub design -fdef sim.fdef -l __fubs__/design/boots.log
25/09/27 12:00:07  Note:    Job boots Test: All begun
25/09/27 12:00:07  Note:    Job boots completed: Host: monviso Test: All
25/09/27 12:00:08  Note:    Updating Testability Report
25/09/27 12:00:08  Note:    Simulating Test: DSP
25/09/27 12:00:08  Note:    Fault simulation on Test: DSP starting
25/09/27 12:00:08  Note:    Generate fault origins for Test: DSP
25/09/27 12:00:08  CMD: /eda/synopsys/2023-24/RHELx86/Z01X_2023.12/bin/coats -dir ./ -fub design -test DSP -recalc -m -l __fubs__/design/DSP/fdef.log
25/09/27 12:00:08  Note:    Job coats Test: DSP begun
25/09/27 12:00:08  Note:    Job coats completed: Host: monviso Test: DSP
25/09/27 12:00:08  Note:    Test: DSP selected 46490 out of 48176 remaining faults to simulate
25/09/27 12:00:08  CMD: /eda/synopsys/2023-24/RHELx86/Z01X_2023.12/bin/fault_sim -fdef __fubs__/design/DSP/DSP.fdef -q +vcd+file+__tests__/DSP/DSP.vcd +vcd+dut+DSP+tb.top_i.core_region_i.CORE.RISCV_CORE.Pipe.ACCL_generate.DSP +TESTNAME=DSP -cdfout __fubs__/design/DSP/cdfout +dictionary+values+all -fpp 2048 +limit+hyperfault+0 -fmsh -testdir __fubs__/design/DSP/ -l __fubs__/design/DSP/simout-N0
25/09/27 12:00:08  Note:    Fault simulation for Test: DSP
25/09/27 12:00:08  Note:    Job fault_sim Test: DSP begun
25/09/27 12:50:54  Note:    Job fault_sim completed: Host: monviso Test: DSP
25/09/27 12:50:54  Note:    Record simulation results for Test: DSP
25/09/27 12:50:54  CMD: /eda/synopsys/2023-24/RHELx86/Z01X_2023.12/bin/boots -record -dir ./ -fub design -test DSP -fdef sim.fdef -fntn 65537 __fubs__/design/DSP/DSP.fdef -l __fubs__/design/DSP/boots.log
25/09/27 12:50:54  Note:    Job boots Test: DSP begun
25/09/27 12:50:55  Note:    Job boots completed: Host: monviso Test: DSP
25/09/27 12:50:55  Note:    Simulation of test DSP complete
#                                Prime                  Total
# Test: DSP
# Total Faults:                  48176                  82242
# Detected Faults:                   0     0.00%            0     0.00%
# Dropped Detected Faults:       42126    87.44%        73367    89.21%
# Dropped Potential Faults:          2     0.00%            2     0.00%
# Potential Faults:                  0     0.00%            0     0.00%
# Not Detected Faults:            4362     9.05%         6232     7.58%
# Not Observed:                   1097     2.28%         1491     1.81%
# Not Controlled:                  589     1.22%         1150     1.40%
# Simulation Times:          
#   Toggle:                   00:02:00
#   Fault Cumulative:         00:50:42
#   Fault Wall Clock:         00:50:47
#
# Cumulative Test Results
# Total Faults:                  48176                  82242
# Detected Faults:                   0     0.00%            0     0.00%
# Dropped Detected Faults:       42126    87.44%        73367    89.21%
# Dropped Potential Faults:          2     0.00%            2     0.00%
# Potential Faults:                  0     0.00%            0     0.00%
# Not Detected Faults:            4362     9.05%         6232     7.58%
# Not Observed:                   1097     2.28%         1491     1.81%
# Not Controlled:                  589     1.22%         1150     1.40%
#
# Untestable Unused:               936                   1440
# Untestable Tied:                   4                      4
#
25/09/27 12:50:55  Note:    Simulation Completed.
25/09/27 12:50:55  Note:    Updating Testability Report

# Tests simulated in this session:
#                                Prime                  Total
# Test: DSP
# Total Faults:                  48176                  82242
# Detected Faults:                   0     0.00%            0     0.00%
# Dropped Detected Faults:       42126    87.44%        73367    89.21%
# Dropped Potential Faults:          2     0.00%            2     0.00%
# Potential Faults:                  0     0.00%            0     0.00%
# Not Detected Faults:            4362     9.05%         6232     7.58%
# Not Observed:                   1097     2.28%         1491     1.81%
# Not Controlled:                  589     1.22%         1150     1.40%
# Simulation Times:          
#   Toggle:                   00:02:00
#   Fault Cumulative:         00:50:42
#   Fault Wall Clock:         00:50:47
#
# Cumulative Test Results
# Total Faults:                  48176                  82242
# Detected Faults:                   0     0.00%            0     0.00%
# Dropped Detected Faults:       42126    87.44%        73367    89.21%
# Dropped Potential Faults:          2     0.00%            2     0.00%
# Potential Faults:                  0     0.00%            0     0.00%
# Not Detected Faults:            4362     9.05%         6232     7.58%
# Not Observed:                   1097     2.28%         1491     1.81%
# Not Controlled:                  589     1.22%         1150     1.40%
#
# Untestable Unused:               936                   1440
# Untestable Tied:                   4                      4
#
# Test Coverage:                          87.44%                 89.21%
# Fault Coverage:                         85.77%                 87.67%
#
>  
> coverage(file=[SAF_coverage.sff]) 
25/09/27 12:50:55  Note:    Running coverage analysis
25/09/27 12:50:55  CMD: /eda/synopsys/2023-24/RHELx86/Z01X_2023.12/bin/fault_report +fm -dir ./ +format+standard -out ./SAF_coverage.sff -testinfo __fubs__/testid.txt -l fault_report.log
25/09/27 12:50:56  Note:    Job fault_report completed: Host: monviso
25/09/27 12:50:56  Note:    Fault report file is SAF_coverage.sff
> # coverage (type=[dictionary],file=[saf_dic_short.txt],test=[RCA], style=[short]) 
>  
> #coverage(type=[dictionary],test=[RCA],file=[saf_dic.txt])   
> coverage (type=[dictionary],file=[saf_dic_long.txt],test=[DSP],hierarchical=[1]) 
25/09/27 12:50:56  Note:    Creating coverage dictionary
25/09/27 12:50:56  CMD: /eda/synopsys/2023-24/RHELx86/Z01X_2023.12/bin/fault_report +hierarchical+1 -dict __fubs__/design/DSP/cdfout -dictout saf_dic_long.txt +format+standard -l __fubs__/design/DSP/DSP_cdf.log -fdef __fubs__/design/DSP/DSP.fdef
25/09/27 12:52:52  Note:    Job fault_report completed: Host: monviso
25/09/27 12:52:52  Note:    Coverage dictionary file is 'saf_dic_long.txt'
>  
25/09/27 12:52:52  Note:    Script file complete
25/09/27 12:52:52  Note:    Sat Sep 27 12:52:52 CEST 2025
#                                Total Run Times                                 
#
#                              Queued             CPU               Wall  
# Fault simulation            00:00:00          00:50:47          00:50:47
# Toggle simulation           00:00:00          00:02:01          00:02:04
#
#
#                            Time Allocation Per Tool                            
#
#                                   Queued                Running      
# Fault simulation            00:00:00     0.00%     00:50:46    92.71%
# Fault results recording     00:00:00     0.00%     00:00:01     0.04%
# Testability                 00:00:00     0.00%     00:00:01     0.04%
# Toggle simulation           00:00:00     0.00%     00:02:00     3.65%
# Fault creation              00:00:00     0.00%     00:00:01     0.03%
# Fault coverage              00:00:00     0.00%     00:01:57     3.55%
#----------------------------------------------------------------------
# Total                       00:00:00     0.00%     00:54:46   100.00%
CPU Time: 3282.1s ; Elapsed Time: 3290.4s ; Data Size: 95.8MB
