CMD: /eda/synopsys/2023-24/RHELx86/Z01X_2023.12/bin/fault_report -dict __fubs__/design/ACCUMULATOR/cdfout -dictout saf_dic_long.txt +format+standard -l __fubs__/design/ACCUMULATOR/ACCUMULATOR_cdf.log -fdef __fubs__/design/ACCUMULATOR/ACCUMULATOR.fdef


                                   Z01X (TM)

                 Version V-2023.12 for linux64 - Nov 19, 2023 

                    Copyright (c) 1999 - 2023 Synopsys, Inc.
   This software and the associated documentation are proprietary to Synopsys,
 Inc. This software may only be used in accordance with the terms and conditions
 of a written license agreement with Synopsys, Inc. All other use, reproduction,
   or distribution of this software is strictly prohibited.  Licensed Products
     communicate with Synopsys servers for the purpose of providing software
    updates, detecting software piracy and verifying that customers are using
    Licensed Products in conformity with the applicable License Key for such
  Licensed Products. Synopsys will use information gathered in connection with
    this process to deliver software updates and pursue software pirates and
                                   infringers.

 Inclusivity & Diversity - Visit SolvNetPlus to read the "Synopsys Statement on
            Inclusivity and Diversity" (Refer to article 000036315 at
                        https://solvnetplus.synopsys.com)

Z01X (TM) Version: V-2023.12 (64-bit, Nov 19 2023) for Linux 64-bit

Command: fault_report -dict __fubs__/design/ACCUMULATOR/cdfout -dictout saf_dic_long.txt +format+standard -l __fubs__/design/ACCUMULATOR/ACCUMULATOR_cdf.log -fdef __fubs__/design/ACCUMULATOR/ACCUMULATOR.fdef 

Info:    Using standard file format
Info:    Loading design
Info:    Reading FDEF
Info:    Writing fault coverage report "saf_dic_long.txt"
Info:    Processing "__fubs__/design/ACCUMULATOR/cdfout.P1"
Info:    Processing "__fubs__/design/ACCUMULATOR/cdfout.P2"
Info:    CPU Time: 1.5s ; Elapsed Time: 1.5s ; Data Size: 32.9MB 
Info:    Complete Fri Jul 25 12:19:57 2025
