
                                   Z01X (TM)

                 Version V-2023.12 for linux64 - Nov 19, 2023 

                    Copyright (c) 1999 - 2023 Synopsys, Inc.
   This software and the associated documentation are proprietary to Synopsys,
 Inc. This software may only be used in accordance with the terms and conditions
 of a written license agreement with Synopsys, Inc. All other use, reproduction,
   or distribution of this software is strictly prohibited.  Licensed Products
     communicate with Synopsys servers for the purpose of providing software
    updates, detecting software piracy and verifying that customers are using
    Licensed Products in conformity with the applicable License Key for such
  Licensed Products. Synopsys will use information gathered in connection with
    this process to deliver software updates and pursue software pirates and
                                   infringers.

 Inclusivity & Diversity - Visit SolvNetPlus to read the "Synopsys Statement on
            Inclusivity and Diversity" (Refer to article 000036315 at
                        https://solvnetplus.synopsys.com)

Z01X (TM) Version: V-2023.12 (64-bit, Nov 19 2023) for Linux 64-bit

Command: coats -dir ./ -fub design -func __fubs__/design/__path__ -genfub +job_id+862ceecb17e5efe5 -l __fubs__/design/design.log 

Info:    Loading design       (12:19:45)
Info:    Traversing netlist
Info:    Writing fdef file
Info:    Total Faults = 5250 (3032 source; 2218 collapsed)
Info:    Fub Fault Generation Completed
Info:    At 07/25/25 12:19:45 task complete.
Info:    CPU Time: 0.1s ; Elapsed Time: 0.1s ; Data Size: 33.2MB 
