
                                   Z01X (TM)

               Version W-2024.09-SP1 for linux64 - Nov 24, 2024 

                    Copyright (c) 1999 - 2024 Synopsys, Inc.
   This software and the associated documentation are proprietary to Synopsys,
 Inc. This software may only be used in accordance with the terms and conditions
 of a written license agreement with Synopsys, Inc. All other use, reproduction,
   or distribution of this software is strictly prohibited.  Licensed Products
     communicate with Synopsys servers for the purpose of providing software
    updates, detecting software piracy and verifying that customers are using
    Licensed Products in conformity with the applicable License Key for such
  Licensed Products. Synopsys will use information gathered in connection with
    this process to deliver software updates and pursue software pirates and
                                   infringers.

 Inclusivity & Diversity - Visit SolvNetPlus to read the "Synopsys Statement on
            Inclusivity and Diversity" (Refer to article 000036315 at
                        https://solvnetplus.synopsys.com)

Z01X (TM) Version: W-2024.09-SP1 (64-bit, Nov 24 2024) for Linux 64-bit

Command: fault_generate -l fgen.log 

Info:    Loading design
Info:    Traversing netlist
Info:    Collapsing faults
Info:    Writing fdef file
Info:    Total Faults = 240602 (142015 source; 98587 collapsed; 4718
untestable)
Info:    CPU Time: 2.2s ; Elapsed Time: 2.2s ; Data Size: 197.4MB 
Info:    Fault Generation Completed 0 Errors 0 Warnings
Thu Oct 30 09:20:32 2025
