
                                   Z01X (TM)

                 Version V-2023.12 for linux64 - Nov 19, 2023 

                    Copyright (c) 1999 - 2023 Synopsys, Inc.
   This software and the associated documentation are proprietary to Synopsys,
 Inc. This software may only be used in accordance with the terms and conditions
 of a written license agreement with Synopsys, Inc. All other use, reproduction,
   or distribution of this software is strictly prohibited.  Licensed Products
     communicate with Synopsys servers for the purpose of providing software
    updates, detecting software piracy and verifying that customers are using
    Licensed Products in conformity with the applicable License Key for such
  Licensed Products. Synopsys will use information gathered in connection with
    this process to deliver software updates and pursue software pirates and
                                   infringers.

 Inclusivity & Diversity - Visit SolvNetPlus to read the "Synopsys Statement on
            Inclusivity and Diversity" (Refer to article 000036315 at
                        https://solvnetplus.synopsys.com)

Z01X (TM) Version: V-2023.12 (64-bit, Nov 19 2023) for Linux 64-bit

Command: fault_generate -l fgen.log 

Info:    Loading design
Info:    Traversing netlist
Info:    Collapsing faults
Info:    Writing fdef file
Info:    Total Faults = 148190 (86911 source; 61279 collapsed; 1316
untestable)
Info:    CPU Time: 1.7s ; Elapsed Time: 1.7s ; Data Size: 139.0MB 
Info:    Fault Generation Completed 0 Errors 0 Warnings
Fri Sep 26 10:57:14 2025
