
                                   Z01X (TM)

       Version V-2023.12 for linux64 - Nov 19, 2023      

                    Copyright (c) 1999 - 2023 Synopsys, Inc.
   This software and the associated documentation are proprietary to Synopsys,
 Inc. This software may only be used in accordance with the terms and conditions
 of a written license agreement with Synopsys, Inc. All other use, reproduction,
            or distribution of this software is strictly prohibited.

Fri Sep 26 14:35:28 CEST 2025
Z01X (TM) Version: V-2023.12 (64-bit, Nov 19 2023) for Linux 64-bit

25/09/26 14:35:28  Note:    Reading load file:bin/permanent_faults_gen.fmsh
>  
>  
> set(var=[resources], messages=[all]) 
25/09/26 14:35:28  Note:    Set resources[messages] to "all".
> set(var=[defines], format=[standard]) 
25/09/26 14:35:28  Note:    Set defines[format] to "standard".
> set(var=[defines], dictionary.enable=[1]) 
25/09/26 14:35:28  Note:    Set defines[dictionary.enable] to 1.
25/09/26 14:35:28  Warning: Options will be saved when a design is opened
> set(var=[fsim], dictionary.values=[all]) 
25/09/26 14:35:28  Note:    Set fsim[dictionary.values] to "all".
>  
> # the next line defines if using the file "fault_list.sff" for defining the fault list for fault simulation. Otherwise, in stroves.v the faults can be defined, e.g., from an external file. 
> #set(var=[fdef], method=[fr], fr.fr=[bin/fault_list.sff],abort=[error]) 
>  
> # set (var=[coats],status=[NA,NX,PP,FP,PD,FD,PE,FE,PL,LS,PS,RS,PR,RE,PX,DX]) 
> # set (var=[coats],status=[DD, ND]) 
>  
> set (var=[fsim],hyperfault=[0]) 
25/09/26 14:35:28  Note:    Set fsim[hyperfault] to 0.
> design() 
25/09/26 14:35:28  Note:    Generating design fault universe file
25/09/26 14:35:28  CMD: /eda/synopsys/2023-24/RHELx86/Z01X_2023.12/bin/fault_generate -l fgen.log
25/09/26 14:35:28  Note:    Job fault_generate begun
25/09/26 14:35:30  Note:    Job fault_generate completed: Host: monviso
25/09/26 14:35:30  Note:    Total: 277184 Prime: 163601 Collapsed: 113583 Untestable: 0
25/09/26 14:35:30  Note:    Fault Generation Completed 0 Errors 0 Warnings
25/09/26 14:35:30  Note:    Created design, directory=/home/g.vilarde/Klessydra/pulpino-klessydra/zoix
25/09/26 14:35:31  CMD: /eda/synopsys/2023-24/RHELx86/Z01X_2023.12/bin/coats -dir ./ -fub design -func __fubs__/design/__path__ -genfub +job_id+826d7bd90a5e186d -l __fubs__/design/design.log
25/09/26 14:35:31  Note:    Job coats begun
25/09/26 14:35:31  Note:    Job coats completed: Host: monviso
>  
> addtst(test=[DSP], stimtype=[vcd], dictionary.enable=[1], stim=[vcd/DSP.vcd],dut.stim=[DSP,tb.top_i.core_region_i.CORE.RISCV_CORE.Pipe.ACCL_generate.DSP],stim_options=[+TESTNAME=DSP] ) 
25/09/26 14:35:31  Note:    Adding test: DSP
25/09/26 14:35:31  CMD: ln -s ../../sim.zdb __tests__/DSP/sim.zdb
25/09/26 14:35:31  CMD: ln -s ../../zoix.sim __tests__/DSP/zoix.sim
25/09/26 14:35:32  CMD: cp vcd/DSP.vcd __tests__/DSP/DSP.vcd
25/09/26 14:35:32  CMD: ln -s ../../../__tests__/DSP/DSP.vcd __fubs__/design/DSP/DSP.vcd
25/09/26 14:35:32  CMD: ln -s ../../../sim.zdb __fubs__/design/DSP/sim.zdb
25/09/26 14:35:32  CMD: ln -s ../../../zoix.sim __fubs__/design/DSP/zoix.sim
>  
> #addtst(test=[RCA], stimtype=[vcd], dictionary.enable=[1], stim=[../tmax/dumpports_rtl.riscv_core.vcde],stim_options=[+TESTNAME=riscv_core] ) 
>  
> fsim() 
25/09/26 14:35:32  Note:    Performing testability analysis
25/09/26 14:35:32  CMD: ./zoix.sim -toggle __tests__/DSP/DSP.vtog -fstrobe __tests__/DSP/__fstrobes__ -l __tests__/DSP/zoix_rt.log +vcd+file+__tests__/DSP/DSP.vcd +progress -testdir __tests__/DSP/ +vcd+dut+DSP+tb.top_i.core_region_i.CORE.RISCV_CORE.Pipe.ACCL_generate.DSP +TESTNAME=DSP -testname DSP +job_id+725dcbd9aacee80d
25/09/26 14:35:32  Note:    Toggle simulation for test: DSP
25/09/26 14:35:32  Note:    Job toggle Test: DSP begun
25/09/26 14:40:26  Note:    Job toggle completed: Host: monviso Test: DSP
25/09/26 14:40:26  CMD: /eda/synopsys/2023-24/RHELx86/Z01X_2023.12/bin/coats -dir ./ -fub design -test DSP -seltyp observe +job_id+826d7bd90a5e186d -fstrobe __tests__/DSP/__fstrobes__ -testid 65537 -l __fubs__/design/DSP/coats.log
25/09/26 14:40:26  Note:    Testability analysis for Test: DSP
25/09/26 14:40:26  Note:    Job coats Test: DSP begun
25/09/26 14:40:27  Note:    Job coats completed: Host: monviso Test: DSP
25/09/26 14:40:30  CMD: /eda/synopsys/2023-24/RHELx86/Z01X_2023.12/bin/boots -fdeffiles __fubs__/design/fdeffiles.txt -record -dir ./ -fub design -fdef sim.fdef -l __fubs__/design/boots.log
25/09/26 14:40:30  Note:    Job boots Test: All begun
25/09/26 14:40:31  Note:    Job boots completed: Host: monviso Test: All
25/09/26 14:40:31  Note:    Updating Testability Report
25/09/26 14:40:31  Note:    Simulating Test: DSP
25/09/26 14:40:31  Note:    Fault simulation on Test: DSP starting
25/09/26 14:40:31  Note:    Generate fault origins for Test: DSP
25/09/26 14:40:31  CMD: /eda/synopsys/2023-24/RHELx86/Z01X_2023.12/bin/coats -dir ./ -fub design -test DSP -recalc -m -l __fubs__/design/DSP/fdef.log
25/09/26 14:40:31  Note:    Job coats Test: DSP begun
25/09/26 14:40:32  Note:    Job coats completed: Host: monviso Test: DSP
25/09/26 14:40:32  Note:    Test: DSP selected 159575 out of 163601 remaining faults to simulate
25/09/26 14:40:32  CMD: /eda/synopsys/2023-24/RHELx86/Z01X_2023.12/bin/fault_sim -fdef __fubs__/design/DSP/DSP.fdef -q +vcd+file+__tests__/DSP/DSP.vcd +vcd+dut+DSP+tb.top_i.core_region_i.CORE.RISCV_CORE.Pipe.ACCL_generate.DSP +TESTNAME=DSP -cdfout __fubs__/design/DSP/cdfout +dictionary+values+all -fpp 2048 +limit+hyperfault+0 -fmsh -testdir __fubs__/design/DSP/ -l __fubs__/design/DSP/simout-N0
25/09/26 14:40:32  Note:    Fault simulation for Test: DSP
25/09/26 14:40:32  Note:    Job fault_sim Test: DSP begun
25/09/26 19:08:13  Note:    Job fault_sim completed: Host: monviso Test: DSP
25/09/26 19:08:13  Note:    Record simulation results for Test: DSP
25/09/26 19:08:13  CMD: /eda/synopsys/2023-24/RHELx86/Z01X_2023.12/bin/boots -record -dir ./ -fub design -test DSP -fdef sim.fdef -fntn 65537 __fubs__/design/DSP/DSP.fdef -l __fubs__/design/DSP/boots.log
25/09/26 19:08:13  Note:    Job boots Test: DSP begun
25/09/26 19:08:16  Note:    Job boots completed: Host: monviso Test: DSP
25/09/26 19:08:16  Note:    Simulation of test DSP complete
#                                Prime                  Total
# Test: DSP
# Total Faults:                 163601                 277184
# Detected Faults:                   0     0.00%            0     0.00%
# Dropped Detected Faults:      146440    89.51%       252021    90.92%
# Dropped Potential Faults:          2     0.00%            2     0.00%
# Potential Faults:                  0     0.00%            0     0.00%
# Not Detected Faults:           13133     8.03%        18893     6.82%
# Not Observed:                   2317     1.42%         2829     1.02%
# Not Controlled:                 1709     1.04%         3439     1.24%
# Simulation Times:          
#   Toggle:                   00:04:54
#   Fault Cumulative:         04:27:39
#   Fault Wall Clock:         04:27:43
#
# Cumulative Test Results
# Total Faults:                 163601                 277184
# Detected Faults:                   0     0.00%            0     0.00%
# Dropped Detected Faults:      146440    89.51%       252021    90.92%
# Dropped Potential Faults:          2     0.00%            2     0.00%
# Potential Faults:                  0     0.00%            0     0.00%
# Not Detected Faults:           13133     8.03%        18893     6.82%
# Not Observed:                   2317     1.42%         2829     1.02%
# Not Controlled:                 1709     1.04%         3439     1.24%
#
# Untestable Unused:               624                    960
# Untestable Tied:                   4                      4
#
25/09/26 19:08:16  Note:    Simulation Completed.
25/09/26 19:08:16  Note:    Updating Testability Report

# Tests simulated in this session:
#                                Prime                  Total
# Test: DSP
# Total Faults:                 163601                 277184
# Detected Faults:                   0     0.00%            0     0.00%
# Dropped Detected Faults:      146440    89.51%       252021    90.92%
# Dropped Potential Faults:          2     0.00%            2     0.00%
# Potential Faults:                  0     0.00%            0     0.00%
# Not Detected Faults:           13133     8.03%        18893     6.82%
# Not Observed:                   2317     1.42%         2829     1.02%
# Not Controlled:                 1709     1.04%         3439     1.24%
# Simulation Times:          
#   Toggle:                   00:04:54
#   Fault Cumulative:         04:27:39
#   Fault Wall Clock:         04:27:43
#
# Cumulative Test Results
# Total Faults:                 163601                 277184
# Detected Faults:                   0     0.00%            0     0.00%
# Dropped Detected Faults:      146440    89.51%       252021    90.92%
# Dropped Potential Faults:          2     0.00%            2     0.00%
# Potential Faults:                  0     0.00%            0     0.00%
# Not Detected Faults:           13133     8.03%        18893     6.82%
# Not Observed:                   2317     1.42%         2829     1.02%
# Not Controlled:                 1709     1.04%         3439     1.24%
#
# Untestable Unused:               624                    960
# Untestable Tied:                   4                      4
#
# Test Coverage:                          89.51%                 90.92%
# Fault Coverage:                         89.17%                 90.61%
#
>  
> coverage(file=[SAF_coverage.sff]) 
25/09/26 19:08:16  Note:    Running coverage analysis
25/09/26 19:08:16  CMD: /eda/synopsys/2023-24/RHELx86/Z01X_2023.12/bin/fault_report +fm -dir ./ +format+standard -out ./SAF_coverage.sff -testinfo __fubs__/testid.txt -l fault_report.log
25/09/26 19:08:18  Note:    Job fault_report completed: Host: monviso
25/09/26 19:08:18  Note:    Fault report file is SAF_coverage.sff
> # coverage (type=[dictionary],file=[saf_dic_short.txt],test=[RCA], style=[short]) 
>  
> #coverage(type=[dictionary],test=[RCA],file=[saf_dic.txt])   
> coverage (type=[dictionary],file=[saf_dic_long.txt],test=[DSP],hierarchical=[1]) 
25/09/26 19:08:18  Note:    Creating coverage dictionary
25/09/26 19:08:18  CMD: /eda/synopsys/2023-24/RHELx86/Z01X_2023.12/bin/fault_report +hierarchical+1 -dict __fubs__/design/DSP/cdfout -dictout saf_dic_long.txt +format+standard -l __fubs__/design/DSP/DSP_cdf.log -fdef __fubs__/design/DSP/DSP.fdef
25/09/26 19:19:18  Note:    Job fault_report completed: Host: monviso
25/09/26 19:19:18  Note:    Coverage dictionary file is 'saf_dic_long.txt'
>  
25/09/26 19:19:18  Note:    Script file complete
25/09/26 19:19:18  Note:    Fri Sep 26 19:19:18 CEST 2025
#                                Total Run Times                                 
#
#                              Queued             CPU               Wall  
# Fault simulation            00:00:00          04:27:45          04:27:45
# Toggle simulation           00:00:00          00:04:56          00:04:59
#
#
#                            Time Allocation Per Tool                            
#
#                                   Queued                Running      
# Fault simulation            00:00:00     0.00%     04:27:41    94.33%
# Fault results recording     00:00:00     0.00%     00:00:04     0.02%
# Testability                 00:00:00     0.00%     00:00:03     0.02%
# Toggle simulation           00:00:00     0.00%     00:04:54     1.73%
# Fault creation              00:00:00     0.00%     00:00:03     0.02%
# Fault coverage              00:00:00     0.00%     00:11:02     3.89%
#----------------------------------------------------------------------
# Total                       00:00:00     0.00%     04:43:46   100.00%
CPU Time: 17013.5s ; Elapsed Time: 17030.5s ; Data Size: 95.8MB
