
                                   Z01X (TM)

       Version W-2024.09-SP1 for linux64 - Nov 24, 2024      

                    Copyright (c) 1999 - 2024 Synopsys, Inc.
   This software and the associated documentation are proprietary to Synopsys,
 Inc. This software may only be used in accordance with the terms and conditions
 of a written license agreement with Synopsys, Inc. All other use, reproduction,
            or distribution of this software is strictly prohibited.

Mon Dec 01 17:26:02 CET 2025
Z01X (TM) Version: W-2024.09-SP1 (64-bit, Nov 24 2024) for Linux 64-bit

25/12/01 17:26:03  Note:    Reading load file:bin/permanent_faults_gen.fmsh
>  
>  
> set(var=[resources], messages=[all]) 
25/12/01 17:26:03  Note:    Set resources[messages] to "all".
> set(var=[defines], format=[standard]) 
25/12/01 17:26:03  Note:    Set defines[format] to "standard".
> set(var=[defines], dictionary.enable=[1]) 
25/12/01 17:26:03  Note:    Set defines[dictionary.enable] to 1.
25/12/01 17:26:03  Warning: Options will be saved when a design is opened
> set(var=[defines], files=[link]) 
25/12/01 17:26:03  Note:    Set defines[files] to "link".
> set(var=[fsim], dictionary.values=[all]) 
25/12/01 17:26:03  Note:    Set fsim[dictionary.values] to "all".
>  
> # the next line defines if using the file "fault_list.sff" for defining the fault list for fault simulation. Otherwise, in stroves.v the faults can be defined, e.g., from an external file. 
> #set(var=[fdef], method=[fr], fr.fr=[bin/fault_list.sff],abort=[error]) 
>  
> # set (var=[coats],status=[NA,NX,PP,FP,PD,FD,PE,FE,PL,LS,PS,RS,PR,RE,PX,DX]) 
> # set (var=[coats],status=[DD, ND]) 
>  
> set (var=[fsim],hyperfault=[0]) 
25/12/01 17:26:03  Note:    Set fsim[hyperfault] to 0.
> design() 
25/12/01 17:26:03  Note:    Generating design fault universe file
25/12/01 17:26:03  CMD: /eda/synopsys/2024-25/RHELx86/Z01X_2024.09-SP1/bin/fault_generate -l fgen.log
25/12/01 17:26:03  Note:    Job fault_generate begun
25/12/01 17:26:07  Note:    Job fault_generate completed: Host: monviso
25/12/01 17:26:07  Note:    Total: 434886 Prime: 256933 Collapsed: 177953 Untestable: 0
25/12/01 17:26:07  Note:    Fault Generation Completed 0 Errors 0 Warnings
25/12/01 17:26:07  Note:    Created design, directory=/home/g.vilarde/Klessydra/pulpino-klessydra/zoix
25/12/01 17:26:07  CMD: /eda/synopsys/2024-25/RHELx86/Z01X_2024.09-SP1/bin/coats -dir ./ -fub design -func __fubs__/design/__path__ -genfub +job_id+7642ef24837907a9 -l __fubs__/design/design.log
25/12/01 17:26:07  Note:    Job coats begun
25/12/01 17:26:08  Note:    Job coats completed: Host: monviso
>  
> addtst(test=[DSP], stimtype=[vcd], dictionary.enable=[1], stim=[vcd/DSP.vcd],dut.stim=[DSP,tb.top_i.core_region_i.CORE.RISCV_CORE.Pipe.ACCL_generate.DSP],stim_options=[+TESTNAME=DSP] ) 
25/12/01 17:26:08  Note:    Adding test: DSP
25/12/01 17:26:08  CMD: ln -s ../../sim.zdb __tests__/DSP/sim.zdb
25/12/01 17:26:08  CMD: ln -s ../../zoix.sim __tests__/DSP/zoix.sim
25/12/01 17:26:08  CMD: ln -s ../../vcd/DSP.vcd __tests__/DSP/DSP.vcd
25/12/01 17:26:08  CMD: ln -s ../../../__tests__/DSP/DSP.vcd __fubs__/design/DSP/DSP.vcd
25/12/01 17:26:08  CMD: ln -s ../../../sim.zdb __fubs__/design/DSP/sim.zdb
25/12/01 17:26:09  CMD: ln -s ../../../zoix.sim __fubs__/design/DSP/zoix.sim
>  
> #addtst(test=[RCA], stimtype=[vcd], dictionary.enable=[1], stim=[../tmax/dumpports_rtl.riscv_core.vcde],stim_options=[+TESTNAME=riscv_core] ) 
>  
> fsim() 
25/12/01 17:26:09  Note:    Performing testability analysis
25/12/01 17:26:09  CMD: ./zoix.sim -toggle __tests__/DSP/DSP.vtog -fstrobe __tests__/DSP/__fstrobes__ -l __tests__/DSP/zoix_rt.log +vcd+file+__tests__/DSP/DSP.vcd +progress -testdir __tests__/DSP/ +vcd+dut+DSP+tb.top_i.core_region_i.CORE.RISCV_CORE.Pipe.ACCL_generate.DSP +TESTNAME=DSP -testname DSP +job_id+06e2bf84c3e977c9
25/12/01 17:26:09  Note:    Toggle simulation for test: DSP
25/12/01 17:26:09  Note:    Job toggle Test: DSP begun
25/12/01 17:46:14  Note:    Job toggle completed: Host: monviso Test: DSP
25/12/01 17:46:14  CMD: /eda/synopsys/2024-25/RHELx86/Z01X_2024.09-SP1/bin/coats -dir ./ -fub design -test DSP -seltyp observe +job_id+7642ef24837907a9 -fstrobe __tests__/DSP/__fstrobes__ -testid 65537 -l __fubs__/design/DSP/coats.log
25/12/01 17:46:21  Note:    Testability analysis for Test: DSP
25/12/01 17:46:21  Note:    Job coats Test: DSP begun
25/12/01 17:46:22  Note:    Job coats completed: Host: monviso Test: DSP
25/12/01 17:46:25  CMD: /eda/synopsys/2024-25/RHELx86/Z01X_2024.09-SP1/bin/boots -fdeffiles __fubs__/design/fdeffiles.txt -record -dir ./ -fub design -fdef sim.fdef -l __fubs__/design/boots.log
25/12/01 17:46:26  Note:    Job boots Test: All begun
25/12/01 17:46:27  Note:    Job boots completed: Host: monviso Test: All
25/12/01 17:46:27  Note:    Updating Testability Report
25/12/01 17:46:27  Note:    Simulating Test: DSP
25/12/01 17:46:27  Note:    Fault simulation on Test: DSP starting
25/12/01 17:46:27  Note:    Generate fault origins for Test: DSP
25/12/01 17:46:27  CMD: /eda/synopsys/2024-25/RHELx86/Z01X_2024.09-SP1/bin/coats -dir ./ -fub design -test DSP -recalc -m -l __fubs__/design/DSP/fdef.log
25/12/01 17:46:27  Note:    Job coats Test: DSP begun
25/12/01 17:46:29  Note:    Job coats completed: Host: monviso Test: DSP
25/12/01 17:46:29  Note:    Test: DSP selected 251197 out of 256933 remaining faults to simulate
25/12/01 17:46:29  CMD: /eda/synopsys/2024-25/RHELx86/Z01X_2024.09-SP1/bin/fault_sim -fdef __fubs__/design/DSP/DSP.fdef -q +vcd+file+__tests__/DSP/DSP.vcd +vcd+dut+DSP+tb.top_i.core_region_i.CORE.RISCV_CORE.Pipe.ACCL_generate.DSP +TESTNAME=DSP -cdfout __fubs__/design/DSP/cdfout +dictionary+values+all -fpp 2048 +limit+hyperfault+0 -fmsh -testdir __fubs__/design/DSP/ -l __fubs__/design/DSP/simout-N0
25/12/01 17:46:29  Note:    Fault simulation for Test: DSP
25/12/01 17:46:29  Note:    Job fault_sim Test: DSP begun
25/12/02 21:22:48  Note:    Job fault_sim completed: Host: monviso Test: DSP
25/12/02 21:22:48  Note:    Record simulation results for Test: DSP
25/12/02 21:22:48  CMD: /eda/synopsys/2024-25/RHELx86/Z01X_2024.09-SP1/bin/boots -record -dir ./ -fub design -test DSP -fdef sim.fdef -fntn 65537 __fubs__/design/DSP/DSP.fdef -l __fubs__/design/DSP/boots.log
25/12/02 21:22:48  Note:    Job boots Test: DSP begun
25/12/02 21:22:52  Note:    Job boots completed: Host: monviso Test: DSP
25/12/02 21:22:52  Note:    Simulation of test DSP complete
#                                Prime                  Total
# Test: DSP
# Total Faults:                 256933                 434886
# Detected Faults:                   0     0.00%            0     0.00%
# Dropped Detected Faults:      235689    91.73%       404521    93.02%
# Dropped Potential Faults:        394     0.15%          395     0.09%
# Potential Faults:                  0     0.00%            0     0.00%
# Not Detected Faults:           15114     5.88%        21431     4.93%
# Not Observed:                   4703     1.83%         6546     1.51%
# Not Controlled:                 1033     0.40%         1993     0.46%
# Simulation Times:          
#   Toggle:                   00:20:05
#   Fault Cumulative:         27:01:51
#   Fault Wall Clock:         27:36:23
#
# Cumulative Test Results
# Total Faults:                 256933                 434886
# Detected Faults:                   0     0.00%            0     0.00%
# Dropped Detected Faults:      235689    91.73%       404521    93.02%
# Dropped Potential Faults:        394     0.15%          395     0.09%
# Potential Faults:                  0     0.00%            0     0.00%
# Not Detected Faults:           15114     5.88%        21431     4.93%
# Not Observed:                   4703     1.83%         6546     1.51%
# Not Controlled:                 1033     0.40%         1993     0.46%
#
# Untestable Unused:              3073                   4702
# Untestable Tied:                 108                    108
#
25/12/02 21:22:52  Note:    Simulation Completed.
25/12/02 21:22:52  Note:    Updating Testability Report

# Tests simulated in this session:
#                                Prime                  Total
# Test: DSP
# Total Faults:                 256933                 434886
# Detected Faults:                   0     0.00%            0     0.00%
# Dropped Detected Faults:      235689    91.73%       404521    93.02%
# Dropped Potential Faults:        394     0.15%          395     0.09%
# Potential Faults:                  0     0.00%            0     0.00%
# Not Detected Faults:           15114     5.88%        21431     4.93%
# Not Observed:                   4703     1.83%         6546     1.51%
# Not Controlled:                 1033     0.40%         1993     0.46%
# Simulation Times:          
#   Toggle:                   00:20:05
#   Fault Cumulative:         27:01:51
#   Fault Wall Clock:         27:36:23
#
# Cumulative Test Results
# Total Faults:                 256933                 434886
# Detected Faults:                   0     0.00%            0     0.00%
# Dropped Detected Faults:      235689    91.73%       404521    93.02%
# Dropped Potential Faults:        394     0.15%          395     0.09%
# Potential Faults:                  0     0.00%            0     0.00%
# Not Detected Faults:           15114     5.88%        21431     4.93%
# Not Observed:                   4703     1.83%         6546     1.51%
# Not Controlled:                 1033     0.40%         1993     0.46%
#
# Untestable Unused:              3073                   4702
# Untestable Tied:                 108                    108
#
# Test Coverage:                          91.81%                 93.06%
# Fault Coverage:                         90.69%                 92.05%
#
>  
> coverage(file=[SAF_coverage.sff]) 
25/12/02 21:22:52  Note:    Running coverage analysis
25/12/02 21:22:52  CMD: /eda/synopsys/2024-25/RHELx86/Z01X_2024.09-SP1/bin/fault_report +fm -dir ./ +format+standard -out ./SAF_coverage.sff -testinfo __fubs__/testid.txt -l fault_report.log
25/12/02 21:22:55  Note:    Job fault_report completed: Host: monviso
25/12/02 21:22:55  Note:    Fault report file is SAF_coverage.sff
> # coverage (type=[dictionary],file=[saf_dic_short.txt],test=[RCA], style=[short]) 
>  
> #coverage(type=[dictionary],test=[RCA],file=[saf_dic.txt])   
> coverage (type=[dictionary],file=[saf_dic_long.txt],test=[DSP],hierarchical=[1]) 
25/12/02 21:22:55  Note:    Creating coverage dictionary
25/12/02 21:22:55  CMD: /eda/synopsys/2024-25/RHELx86/Z01X_2024.09-SP1/bin/fault_report +hierarchical+1 -dict __fubs__/design/DSP/cdfout -dictout saf_dic_long.txt +format+standard -l __fubs__/design/DSP/DSP_cdf.log -fdef __fubs__/design/DSP/DSP.fdef
25/12/02 22:20:42  Note:    Job fault_report completed: Host: monviso
25/12/02 22:20:42  Note:    Coverage dictionary file is 'saf_dic_long.txt'
>  
25/12/02 22:20:42  Note:    Script file complete
25/12/02 22:20:42  Note:    Tue Dec 02 22:20:42 CET 2025
#                                Total Run Times                                 
#
#                              Queued             CPU               Wall  
# Fault simulation            00:00:00          27:36:25          27:36:25
# Toggle simulation           00:00:00          00:20:15          00:20:18
#
#
#                            Time Allocation Per Tool                            
#
#                                   Queued                Running      
# Fault simulation            00:00:00     0.00%     27:36:19    95.49%
# Fault results recording     00:00:00     0.00%     00:00:06     0.01%
# Testability                 00:00:00     0.00%     00:00:11     0.01%
# Toggle simulation           00:00:00     0.00%     00:20:06     1.16%
# Fault creation              00:00:00     0.00%     00:00:05     0.00%
# Fault coverage              00:00:00     0.00%     00:57:50     3.33%
#----------------------------------------------------------------------
# Total                       00:00:00     0.00%     28:54:35   100.00%
CPU Time: 101982.9s ; Elapsed Time: 104079.9s ; Data Size: 87.7MB
