
                                   Z01X (TM)

       Version V-2023.12 for linux64 - Nov 19, 2023      

                    Copyright (c) 1999 - 2023 Synopsys, Inc.
   This software and the associated documentation are proprietary to Synopsys,
 Inc. This software may only be used in accordance with the terms and conditions
 of a written license agreement with Synopsys, Inc. All other use, reproduction,
            or distribution of this software is strictly prohibited.

Mon Sep 22 18:41:36 CEST 2025
Z01X (TM) Version: V-2023.12 (64-bit, Nov 19 2023) for Linux 64-bit

25/09/22 18:41:36  Note:    Reading load file:bin/permanent_faults_gen.fmsh
>  
>  
> set(var=[resources], messages=[all]) 
25/09/22 18:41:36  Note:    Set resources[messages] to "all".
> set(var=[defines], format=[standard]) 
25/09/22 18:41:36  Note:    Set defines[format] to "standard".
> set(var=[defines], dictionary.enable=[1]) 
25/09/22 18:41:36  Note:    Set defines[dictionary.enable] to 1.
25/09/22 18:41:36  Warning: Options will be saved when a design is opened
> set(var=[fsim], dictionary.values=[all]) 
25/09/22 18:41:36  Note:    Set fsim[dictionary.values] to "all".
>  
> # the next line defines if using the file "fault_list.sff" for defining the fault list for fault simulation. Otherwise, in stroves.v the faults can be defined, e.g., from an external file. 
> #set(var=[fdef], method=[fr], fr.fr=[bin/fault_list.sff],abort=[error]) 
>  
> # set (var=[coats],status=[NA,NX,PP,FP,PD,FD,PE,FE,PL,LS,PS,RS,PR,RE,PX,DX]) 
> # set (var=[coats],status=[DD, ND]) 
>  
> set (var=[fsim],hyperfault=[0]) 
25/09/22 18:41:36  Note:    Set fsim[hyperfault] to 0.
> design() 
25/09/22 18:41:36  Note:    Generating design fault universe file
25/09/22 18:41:36  CMD: /eda/synopsys/2023-24/RHELx86/Z01X_2023.12/bin/fault_generate -l fgen.log
25/09/22 18:41:36  Note:    Job fault_generate begun
25/09/22 18:41:37  Note:    Job fault_generate completed: Host: monviso
25/09/22 18:41:37  Note:    Total: 82038 Prime: 47924 Collapsed: 34114 Untestable: 1740
25/09/22 18:41:37  Note:    Fault Generation Completed 0 Errors 0 Warnings
25/09/22 18:41:37  Note:    Created design, directory=/home/g.vilarde/Klessydra/pulpino-klessydra/zoix
25/09/22 18:41:37  CMD: /eda/synopsys/2023-24/RHELx86/Z01X_2023.12/bin/coats -dir ./ -fub design -func __fubs__/design/__path__ -genfub +job_id+00a7eac54be9faca -l __fubs__/design/design.log
25/09/22 18:41:37  Note:    Job coats begun
25/09/22 18:41:37  Note:    Job coats completed: Host: monviso
>  
> addtst(test=[DSP], stimtype=[vcd], dictionary.enable=[1], stim=[vcd/DSP.vcd],dut.stim=[DSP,tb.top_i.core_region_i.CORE.RISCV_CORE.Pipe.ACCL_generate.DSP],stim_options=[+TESTNAME=DSP] ) 
25/09/22 18:41:37  Note:    Adding test: DSP
25/09/22 18:41:38  CMD: ln -s ../../sim.zdb __tests__/DSP/sim.zdb
25/09/22 18:41:38  CMD: ln -s ../../zoix.sim __tests__/DSP/zoix.sim
25/09/22 18:41:38  CMD: cp vcd/DSP.vcd __tests__/DSP/DSP.vcd
25/09/22 18:41:38  CMD: ln -s ../../../__tests__/DSP/DSP.vcd __fubs__/design/DSP/DSP.vcd
25/09/22 18:41:38  CMD: ln -s ../../../sim.zdb __fubs__/design/DSP/sim.zdb
25/09/22 18:41:38  CMD: ln -s ../../../zoix.sim __fubs__/design/DSP/zoix.sim
>  
> #addtst(test=[RCA], stimtype=[vcd], dictionary.enable=[1], stim=[../tmax/dumpports_rtl.riscv_core.vcde],stim_options=[+TESTNAME=riscv_core] ) 
>  
> fsim() 
25/09/22 18:41:38  Note:    Performing testability analysis
25/09/22 18:41:38  CMD: ./zoix.sim -toggle __tests__/DSP/DSP.vtog -fstrobe __tests__/DSP/__fstrobes__ -l __tests__/DSP/zoix_rt.log +vcd+file+__tests__/DSP/DSP.vcd +progress -testdir __tests__/DSP/ +vcd+dut+DSP+tb.top_i.core_region_i.CORE.RISCV_CORE.Pipe.ACCL_generate.DSP +TESTNAME=DSP -testname DSP +job_id+f0975ac5eb790aaa
25/09/22 18:41:38  Note:    Toggle simulation for test: DSP
25/09/22 18:41:38  Note:    Job toggle Test: DSP begun
25/09/22 18:41:57  Note:    Job toggle completed: Host: monviso Test: DSP
25/09/22 18:41:57  CMD: /eda/synopsys/2023-24/RHELx86/Z01X_2023.12/bin/coats -dir ./ -fub design -test DSP -seltyp observe +job_id+00a7eac54be9faca -fstrobe __tests__/DSP/__fstrobes__ -testid 65537 -l __fubs__/design/DSP/coats.log
25/09/22 18:41:57  Note:    Testability analysis for Test: DSP
25/09/22 18:41:57  Note:    Job coats Test: DSP begun
25/09/22 18:41:57  Note:    Job coats completed: Host: monviso Test: DSP
25/09/22 18:42:00  CMD: /eda/synopsys/2023-24/RHELx86/Z01X_2023.12/bin/boots -fdeffiles __fubs__/design/fdeffiles.txt -record -dir ./ -fub design -fdef sim.fdef -l __fubs__/design/boots.log
25/09/22 18:42:00  Note:    Job boots Test: All begun
25/09/22 18:42:00  Note:    Job boots completed: Host: monviso Test: All
25/09/22 18:42:00  Note:    Updating Testability Report
25/09/22 18:42:00  Note:    Simulating Test: DSP
25/09/22 18:42:00  Note:    Fault simulation on Test: DSP starting
25/09/22 18:42:00  Note:    Generate fault origins for Test: DSP
25/09/22 18:42:00  CMD: /eda/synopsys/2023-24/RHELx86/Z01X_2023.12/bin/coats -dir ./ -fub design -test DSP -recalc -m -l __fubs__/design/DSP/fdef.log
25/09/22 18:42:00  Note:    Job coats Test: DSP begun
25/09/22 18:42:01  Note:    Job coats completed: Host: monviso Test: DSP
25/09/22 18:42:01  Note:    Test: DSP selected 45271 out of 47924 remaining faults to simulate
25/09/22 18:42:01  CMD: /eda/synopsys/2023-24/RHELx86/Z01X_2023.12/bin/fault_sim -fdef __fubs__/design/DSP/DSP.fdef -q +vcd+file+__tests__/DSP/DSP.vcd +vcd+dut+DSP+tb.top_i.core_region_i.CORE.RISCV_CORE.Pipe.ACCL_generate.DSP +TESTNAME=DSP -cdfout __fubs__/design/DSP/cdfout +dictionary+values+all -fpp 2048 +limit+hyperfault+0 -fmsh -testdir __fubs__/design/DSP/ -l __fubs__/design/DSP/simout-N0
25/09/22 18:42:01  Note:    Fault simulation for Test: DSP
25/09/22 18:42:01  Note:    Job fault_sim Test: DSP begun
25/09/22 18:49:21  Note:    Job fault_sim completed: Host: monviso Test: DSP
25/09/22 18:49:21  Note:    Record simulation results for Test: DSP
25/09/22 18:49:21  CMD: /eda/synopsys/2023-24/RHELx86/Z01X_2023.12/bin/boots -record -dir ./ -fub design -test DSP -fdef sim.fdef -fntn 65537 __fubs__/design/DSP/DSP.fdef -l __fubs__/design/DSP/boots.log
25/09/22 18:49:22  Note:    Job boots Test: DSP begun
25/09/22 18:49:22  Note:    Job boots completed: Host: monviso Test: DSP
25/09/22 18:49:22  Note:    Simulation of test DSP complete
#                                Prime                  Total
# Test: DSP
# Total Faults:                  47924                  82038
# Detected Faults:                   0     0.00%            0     0.00%
# Dropped Detected Faults:       39969    83.40%        70332    85.73%
# Dropped Potential Faults:        812     1.69%          836     1.02%
# Potential Faults:                  0     0.00%            0     0.00%
# Not Detected Faults:            4490     9.37%         6705     8.17%
# Not Observed:                   1491     3.11%         1958     2.39%
# Not Controlled:                 1162     2.42%         2207     2.69%
# Simulation Times:          
#   Toggle:                   00:00:19
#   Fault Cumulative:         00:07:22
#   Fault Wall Clock:         00:07:21
#
# Cumulative Test Results
# Total Faults:                  47924                  82038
# Detected Faults:                   0     0.00%            0     0.00%
# Dropped Detected Faults:       39969    83.40%        70332    85.73%
# Dropped Potential Faults:        812     1.69%          836     1.02%
# Potential Faults:                  0     0.00%            0     0.00%
# Not Detected Faults:            4490     9.37%         6705     8.17%
# Not Observed:                   1491     3.11%         1958     2.39%
# Not Controlled:                 1162     2.42%         2207     2.69%
#
# Untestable Unused:               936                   1440
# Untestable Tied:                 300                    300
#
25/09/22 18:49:22  Note:    Simulation Completed.
25/09/22 18:49:22  Note:    Updating Testability Report

# Tests simulated in this session:
#                                Prime                  Total
# Test: DSP
# Total Faults:                  47924                  82038
# Detected Faults:                   0     0.00%            0     0.00%
# Dropped Detected Faults:       39969    83.40%        70332    85.73%
# Dropped Potential Faults:        812     1.69%          836     1.02%
# Potential Faults:                  0     0.00%            0     0.00%
# Not Detected Faults:            4490     9.37%         6705     8.17%
# Not Observed:                   1491     3.11%         1958     2.39%
# Not Controlled:                 1162     2.42%         2207     2.69%
# Simulation Times:          
#   Toggle:                   00:00:19
#   Fault Cumulative:         00:07:22
#   Fault Wall Clock:         00:07:21
#
# Cumulative Test Results
# Total Faults:                  47924                  82038
# Detected Faults:                   0     0.00%            0     0.00%
# Dropped Detected Faults:       39969    83.40%        70332    85.73%
# Dropped Potential Faults:        812     1.69%          836     1.02%
# Potential Faults:                  0     0.00%            0     0.00%
# Not Detected Faults:            4490     9.37%         6705     8.17%
# Not Observed:                   1491     3.11%         1958     2.39%
# Not Controlled:                 1162     2.42%         2207     2.69%
#
# Untestable Unused:               936                   1440
# Untestable Tied:                 300                    300
#
# Test Coverage:                          84.25%                 86.24%
# Fault Coverage:                         82.13%                 84.45%
#
>  
> coverage(file=[SAF_coverage.sff]) 
25/09/22 18:49:22  Note:    Running coverage analysis
25/09/22 18:49:22  CMD: /eda/synopsys/2023-24/RHELx86/Z01X_2023.12/bin/fault_report +fm -dir ./ +format+standard -out ./SAF_coverage.sff -testinfo __fubs__/testid.txt -l fault_report.log
25/09/22 18:49:23  Note:    Job fault_report completed: Host: monviso
25/09/22 18:49:23  Note:    Fault report file is SAF_coverage.sff
> # coverage (type=[dictionary],file=[saf_dic_short.txt],test=[RCA], style=[short]) 
>  
> #coverage(type=[dictionary],test=[RCA],file=[saf_dic.txt])   
> coverage (type=[dictionary],file=[saf_dic_long.txt],test=[DSP]) 
25/09/22 18:49:23  Note:    Creating coverage dictionary
25/09/22 18:49:23  CMD: /eda/synopsys/2023-24/RHELx86/Z01X_2023.12/bin/fault_report -dict __fubs__/design/DSP/cdfout -dictout saf_dic_long.txt +format+standard -l __fubs__/design/DSP/DSP_cdf.log -fdef __fubs__/design/DSP/DSP.fdef
25/09/22 18:50:07  Note:    Job fault_report completed: Host: monviso
25/09/22 18:50:07  Note:    Coverage dictionary file is 'saf_dic_long.txt'
>  
25/09/22 18:50:07  Note:    Script file complete
25/09/22 18:50:07  Note:    Mon Sep 22 18:50:07 CEST 2025
#                                Total Run Times                                 
#
#                              Queued             CPU               Wall  
# Fault simulation            00:00:00          00:07:22          00:07:22
# Toggle simulation           00:00:00          00:00:19          00:00:22
#
#
#                            Time Allocation Per Tool                            
#
#                                   Queued                Running      
# Fault simulation            00:00:00     0.00%     00:07:21    86.93%
# Fault results recording     00:00:00     0.00%     00:00:01     0.23%
# Testability                 00:00:00     0.00%     00:00:01     0.22%
# Toggle simulation           00:00:00     0.00%     00:00:18     3.60%
# Fault creation              00:00:00     0.00%     00:00:01     0.15%
# Fault coverage              00:00:00     0.00%     00:00:45     8.86%
#----------------------------------------------------------------------
# Total                       00:00:00     0.00%     00:08:27   100.00%
CPU Time: 503.9s ; Elapsed Time: 511.2s ; Data Size: 95.8MB
