
                                   Z01X (TM)

       Version W-2024.09-SP1 for linux64 - Nov 24, 2024      

                    Copyright (c) 1999 - 2024 Synopsys, Inc.
   This software and the associated documentation are proprietary to Synopsys,
 Inc. This software may only be used in accordance with the terms and conditions
 of a written license agreement with Synopsys, Inc. All other use, reproduction,
            or distribution of this software is strictly prohibited.

Thu Nov 13 00:08:03 CET 2025
Z01X (TM) Version: W-2024.09-SP1 (64-bit, Nov 24 2024) for Linux 64-bit

25/11/13 00:08:03  Note:    Reading load file:bin/permanent_faults_gen.fmsh
>  
>  
> set(var=[resources], messages=[all]) 
25/11/13 00:08:03  Note:    Set resources[messages] to "all".
> set(var=[defines], format=[standard]) 
25/11/13 00:08:03  Note:    Set defines[format] to "standard".
> set(var=[defines], dictionary.enable=[1]) 
25/11/13 00:08:03  Note:    Set defines[dictionary.enable] to 1.
25/11/13 00:08:03  Warning: Options will be saved when a design is opened
> set(var=[defines], files=[link]) 
25/11/13 00:08:03  Note:    Set defines[files] to "link".
> set(var=[fsim], dictionary.values=[all]) 
25/11/13 00:08:03  Note:    Set fsim[dictionary.values] to "all".
>  
> # the next line defines if using the file "fault_list.sff" for defining the fault list for fault simulation. Otherwise, in stroves.v the faults can be defined, e.g., from an external file. 
> #set(var=[fdef], method=[fr], fr.fr=[bin/fault_list.sff],abort=[error]) 
>  
> # set (var=[coats],status=[NA,NX,PP,FP,PD,FD,PE,FE,PL,LS,PS,RS,PR,RE,PX,DX]) 
> # set (var=[coats],status=[DD, ND]) 
>  
> set (var=[fsim],hyperfault=[0]) 
25/11/13 00:08:03  Note:    Set fsim[hyperfault] to 0.
> design() 
25/11/13 00:08:03  Note:    Generating design fault universe file
25/11/13 00:08:03  CMD: /eda/synopsys/2024-25/RHELx86/Z01X_2024.09-SP1/bin/fault_generate -l fgen.log
25/11/13 00:08:03  Note:    Job fault_generate begun
25/11/13 00:08:06  Note:    Job fault_generate completed: Host: monviso
25/11/13 00:08:06  Note:    Total: 240602 Prime: 142015 Collapsed: 98587 Untestable: 0
25/11/13 00:08:06  Note:    Fault Generation Completed 0 Errors 0 Warnings
25/11/13 00:08:06  Note:    Created design, directory=/home/g.vilarde/Klessydra/pulpino-klessydra/zoix
25/11/13 00:08:06  CMD: /eda/synopsys/2024-25/RHELx86/Z01X_2024.09-SP1/bin/coats -dir ./ -fub design -func __fubs__/design/__path__ -genfub +job_id+40cdee4f64b1a02e -l __fubs__/design/design.log
25/11/13 00:08:06  Note:    Job coats begun
25/11/13 00:08:06  Note:    Job coats completed: Host: monviso
>  
> addtst(test=[DSP], stimtype=[vcd], dictionary.enable=[1], stim=[vcd/DSP.vcd],dut.stim=[DSP,tb.top_i.core_region_i.CORE.RISCV_CORE.Pipe.ACCL_generate.DSP],stim_options=[+TESTNAME=DSP] ) 
25/11/13 00:08:06  Note:    Adding test: DSP
25/11/13 00:08:06  CMD: ln -s ../../sim.zdb __tests__/DSP/sim.zdb
25/11/13 00:08:06  CMD: ln -s ../../zoix.sim __tests__/DSP/zoix.sim
25/11/13 00:08:06  CMD: ln -s ../../vcd/DSP.vcd __tests__/DSP/DSP.vcd
25/11/13 00:08:07  CMD: ln -s ../../../__tests__/DSP/DSP.vcd __fubs__/design/DSP/DSP.vcd
25/11/13 00:08:07  CMD: ln -s ../../../sim.zdb __fubs__/design/DSP/sim.zdb
25/11/13 00:08:07  CMD: ln -s ../../../zoix.sim __fubs__/design/DSP/zoix.sim
>  
> #addtst(test=[RCA], stimtype=[vcd], dictionary.enable=[1], stim=[../tmax/dumpports_rtl.riscv_core.vcde],stim_options=[+TESTNAME=riscv_core] ) 
>  
> fsim() 
25/11/13 00:08:07  Note:    Performing testability analysis
25/11/13 00:08:07  CMD: ./zoix.sim -toggle __tests__/DSP/DSP.vtog -fstrobe __tests__/DSP/__fstrobes__ -l __tests__/DSP/zoix_rt.log +vcd+file+__tests__/DSP/DSP.vcd +progress -testdir __tests__/DSP/ +vcd+dut+DSP+tb.top_i.core_region_i.CORE.RISCV_CORE.Pipe.ACCL_generate.DSP +TESTNAME=DSP -testname DSP +job_id+504deeff7471104e
25/11/13 00:08:07  Note:    Toggle simulation for test: DSP
25/11/13 00:08:07  Note:    Job toggle Test: DSP begun
25/11/13 00:25:24  Note:    Job toggle completed: Host: monviso Test: DSP
25/11/13 00:25:24  CMD: /eda/synopsys/2024-25/RHELx86/Z01X_2024.09-SP1/bin/coats -dir ./ -fub design -test DSP -seltyp observe +job_id+40cdee4f64b1a02e -fstrobe __tests__/DSP/__fstrobes__ -testid 65537 -l __fubs__/design/DSP/coats.log
25/11/13 00:25:24  Note:    Testability analysis for Test: DSP
25/11/13 00:25:24  Note:    Job coats Test: DSP begun
25/11/13 00:25:25  Note:    Job coats completed: Host: monviso Test: DSP
25/11/13 00:25:28  CMD: /eda/synopsys/2024-25/RHELx86/Z01X_2024.09-SP1/bin/boots -fdeffiles __fubs__/design/fdeffiles.txt -record -dir ./ -fub design -fdef sim.fdef -l __fubs__/design/boots.log
25/11/13 00:25:28  Note:    Job boots Test: All begun
25/11/13 00:25:29  Note:    Job boots completed: Host: monviso Test: All
25/11/13 00:25:29  Note:    Updating Testability Report
25/11/13 00:25:29  Note:    Simulating Test: DSP
25/11/13 00:25:29  Note:    Fault simulation on Test: DSP starting
25/11/13 00:25:29  Note:    Generate fault origins for Test: DSP
25/11/13 00:25:29  CMD: /eda/synopsys/2024-25/RHELx86/Z01X_2024.09-SP1/bin/coats -dir ./ -fub design -test DSP -recalc -m -l __fubs__/design/DSP/fdef.log
25/11/13 00:25:29  Note:    Job coats Test: DSP begun
25/11/13 00:25:30  Note:    Job coats completed: Host: monviso Test: DSP
25/11/13 00:25:30  Note:    Test: DSP selected 137613 out of 142015 remaining faults to simulate
25/11/13 00:25:30  CMD: /eda/synopsys/2024-25/RHELx86/Z01X_2024.09-SP1/bin/fault_sim -fdef __fubs__/design/DSP/DSP.fdef -q +vcd+file+__tests__/DSP/DSP.vcd +vcd+dut+DSP+tb.top_i.core_region_i.CORE.RISCV_CORE.Pipe.ACCL_generate.DSP +TESTNAME=DSP -cdfout __fubs__/design/DSP/cdfout +dictionary+values+all -fpp 2048 +limit+hyperfault+0 -fmsh -testdir __fubs__/design/DSP/ -l __fubs__/design/DSP/simout-N0
25/11/13 00:25:31  Note:    Fault simulation for Test: DSP
25/11/13 00:25:31  Note:    Job fault_sim Test: DSP begun
25/11/13 16:20:22  Note:    Job fault_sim completed: Host: monviso Test: DSP
25/11/13 16:20:22  Note:    Record simulation results for Test: DSP
25/11/13 16:20:22  CMD: /eda/synopsys/2024-25/RHELx86/Z01X_2024.09-SP1/bin/boots -record -dir ./ -fub design -test DSP -fdef sim.fdef -fntn 65537 __fubs__/design/DSP/DSP.fdef -l __fubs__/design/DSP/boots.log
25/11/13 16:20:22  Note:    Job boots Test: DSP begun
25/11/13 16:20:24  Note:    Job boots completed: Host: monviso Test: DSP
25/11/13 16:20:24  Note:    Simulation of test DSP complete
#                                Prime                  Total
# Test: DSP
# Total Faults:                 142015                 240602
# Detected Faults:                   0     0.00%            0     0.00%
# Dropped Detected Faults:      127893    90.06%       220124    91.49%
# Dropped Potential Faults:          6     0.00%            6     0.00%
# Potential Faults:                  0     0.00%            0     0.00%
# Not Detected Faults:            9714     6.84%        13822     5.74%
# Not Observed:                   3317     2.34%         4501     1.87%
# Not Controlled:                 1085     0.76%         2149     0.89%
# Simulation Times:          
#   Toggle:                   00:17:17
#   Fault Cumulative:         15:33:23
#   Fault Wall Clock:         15:54:54
#
# Cumulative Test Results
# Total Faults:                 142015                 240602
# Detected Faults:                   0     0.00%            0     0.00%
# Dropped Detected Faults:      127893    90.06%       220124    91.49%
# Dropped Potential Faults:          6     0.00%            6     0.00%
# Potential Faults:                  0     0.00%            0     0.00%
# Not Detected Faults:            9714     6.84%        13822     5.74%
# Not Observed:                   3317     2.34%         4501     1.87%
# Not Controlled:                 1085     0.76%         2149     0.89%
#
# Untestable Unused:              3072                   4706
# Untestable Tied:                  12                     12
#
25/11/13 16:20:24  Note:    Simulation Completed.
25/11/13 16:20:24  Note:    Updating Testability Report

# Tests simulated in this session:
#                                Prime                  Total
# Test: DSP
# Total Faults:                 142015                 240602
# Detected Faults:                   0     0.00%            0     0.00%
# Dropped Detected Faults:      127893    90.06%       220124    91.49%
# Dropped Potential Faults:          6     0.00%            6     0.00%
# Potential Faults:                  0     0.00%            0     0.00%
# Not Detected Faults:            9714     6.84%        13822     5.74%
# Not Observed:                   3317     2.34%         4501     1.87%
# Not Controlled:                 1085     0.76%         2149     0.89%
# Simulation Times:          
#   Toggle:                   00:17:17
#   Fault Cumulative:         15:33:23
#   Fault Wall Clock:         15:54:54
#
# Cumulative Test Results
# Total Faults:                 142015                 240602
# Detected Faults:                   0     0.00%            0     0.00%
# Dropped Detected Faults:      127893    90.06%       220124    91.49%
# Dropped Potential Faults:          6     0.00%            6     0.00%
# Potential Faults:                  0     0.00%            0     0.00%
# Not Detected Faults:            9714     6.84%        13822     5.74%
# Not Observed:                   3317     2.34%         4501     1.87%
# Not Controlled:                 1085     0.76%         2149     0.89%
#
# Untestable Unused:              3072                   4706
# Untestable Tied:                  12                     12
#
# Test Coverage:                          90.06%                 91.49%
# Fault Coverage:                         88.14%                 89.73%
#
>  
> coverage(file=[SAF_coverage.sff]) 
25/11/13 16:20:25  Note:    Running coverage analysis
25/11/13 16:20:25  CMD: /eda/synopsys/2024-25/RHELx86/Z01X_2024.09-SP1/bin/fault_report +fm -dir ./ +format+standard -out ./SAF_coverage.sff -testinfo __fubs__/testid.txt -l fault_report.log
25/11/13 16:22:05  Note:    Job fault_report completed: Host: monviso
25/11/13 16:22:05  Note:    Fault report file is SAF_coverage.sff
> # coverage (type=[dictionary],file=[saf_dic_short.txt],test=[RCA], style=[short]) 
>  
> #coverage(type=[dictionary],test=[RCA],file=[saf_dic.txt])   
> coverage (type=[dictionary],file=[saf_dic_long.txt],test=[DSP],hierarchical=[1]) 
25/11/13 16:22:05  Note:    Creating coverage dictionary
25/11/13 16:22:05  CMD: /eda/synopsys/2024-25/RHELx86/Z01X_2024.09-SP1/bin/fault_report +hierarchical+1 -dict __fubs__/design/DSP/cdfout -dictout saf_dic_long.txt +format+standard -l __fubs__/design/DSP/DSP_cdf.log -fdef __fubs__/design/DSP/DSP.fdef
25/11/13 16:51:01  Note:    Job fault_report completed: Host: monviso
25/11/13 16:51:01  Note:    Coverage dictionary file is 'saf_dic_long.txt'
>  
25/11/13 16:51:01  Note:    Script file complete
25/11/13 16:51:01  Note:    Thu Nov 13 16:51:01 CET 2025
#                                Total Run Times                                 
#
#                              Queued             CPU               Wall  
# Fault simulation            00:00:00          15:54:55          15:54:55
# Toggle simulation           00:00:00          00:17:19          00:17:22
#
#
#                            Time Allocation Per Tool                            
#
#                                   Queued                Running      
# Fault simulation            00:00:00     0.00%     15:54:52    95.21%
# Fault results recording     00:00:00     0.00%     00:00:03     0.01%
# Testability                 00:00:00     0.00%     00:00:03     0.00%
# Toggle simulation           00:00:00     0.00%     00:17:17     1.72%
# Fault creation              00:00:00     0.00%     00:00:02     0.00%
# Fault coverage              00:00:00     0.00%     00:30:36     3.05%
#----------------------------------------------------------------------
# Total                       00:00:00     0.00%     16:42:53   100.00%
CPU Time: 58653.2s ; Elapsed Time: 60178.1s ; Data Size: 87.7MB
