
                                   Z01X (TM)

                 Version V-2023.12 for linux64 - Nov 19, 2023 

                    Copyright (c) 1999 - 2023 Synopsys, Inc.
   This software and the associated documentation are proprietary to Synopsys,
 Inc. This software may only be used in accordance with the terms and conditions
 of a written license agreement with Synopsys, Inc. All other use, reproduction,
   or distribution of this software is strictly prohibited.  Licensed Products
     communicate with Synopsys servers for the purpose of providing software
    updates, detecting software piracy and verifying that customers are using
    Licensed Products in conformity with the applicable License Key for such
  Licensed Products. Synopsys will use information gathered in connection with
    this process to deliver software updates and pursue software pirates and
                                   infringers.

 Inclusivity & Diversity - Visit SolvNetPlus to read the "Synopsys Statement on
            Inclusivity and Diversity" (Refer to article 000036315 at
                        https://solvnetplus.synopsys.com)

Z01X (TM) Version: V-2023.12 (64-bit, Nov 19 2023) for Linux 64-bit

Command: zoix.sim +vcd+file+vcd/DSP.vcd +vcd+dut+DSP+tb.top_i.core_region_i.CORE.RISCV_CORE.Pipe.ACCL_generate.DSP +vcd+verify +vcd+verbose -l logic_sim.log 

Info:    Simulation Started Sat Sep 27 14:58:10 2025
Info:    Logic Simulation  Host monviso

Info:    Loading ...      (14:58:10)
Info:    Initializing ... (14:58:10)
Info:    Simulating ...   (14:58:10)
ZOIX INJECTION

Info:    VCD stimulus completed with 0 mismatches.

Info:    Last simulation time was at 10575285000 ns
Info:    Logic Events: 166818122
Info:    CPU Time: 74.8s ; Elapsed Time: 75.0s ; Data Size: 70.3MB 
Info:    Simulation Completed Sat Sep 27 14:59:25 2025
